geo_id,val,se,sample_size,missing_val,missing_se,missing_sample_size
AL,33.00000000,NA,NA,0,1,1
PR,33.00000000,NA,NA,0,1,1
