geo_id,val,se,sample_size,missing_val,missing_se,missing_sample_size
25013,98.00000000,NA,NA,0,1,1
72001,161.08400650,NA,NA,0,1,1
72141,0.91599350,NA,NA,0,1,1
