geo_id,val,se,sample_size,missing_val,missing_se,missing_sample_size
25013,33.00000000,NA,NA,0,1,1
72001,76.56462040,NA,NA,0,1,1
72141,0.43537960,NA,NA,0,1,1
